// Jest Snapshot v1, https://goo.gl/fbAQLP

exports[`renders correctly 1`] = `
<View
  accessible={true}
  focusable={true}
  onClick={[Function]}
  onResponderGrant={[Function]}
  onResponderMove={[Function]}
  onResponderRelease={[Function]}
  onResponderTerminate={[Function]}
  onResponderTerminationRequest={[Function]}
  onStartShouldSetResponder={[Function]}
  style={
    Object {
      "left": 4,
      "opacity": 1,
      "position": "absolute",
      "top": 30,
    }
  }
>
  <Image
    source={1}
    style={
      Object {
        "height": 24,
        "width": 24,
      }
    }
  />
</View>
`;
