// Jest Snapshot v1, https://goo.gl/fbAQLP

exports[`renders correctly 1`] = `
<View
  style={
    Object {
      "backgroundColor": "transparent",
      "borderRadius": 16,
      "elevation": 3,
      "shadowColor": "#000",
      "shadowOffset": Object {
        "height": 1,
        "width": 0,
      },
      "shadowOpacity": 0.22,
      "shadowRadius": 2.22,
    }
  }
>
  <View
    accessible={true}
    focusable={true}
    onClick={[Function]}
    onResponderGrant={[Function]}
    onResponderMove={[Function]}
    onResponderRelease={[Function]}
    onResponderTerminate={[Function]}
    onResponderTerminationRequest={[Function]}
    onStartShouldSetResponder={[Function]}
    style={
      Object {
        "backgroundColor": "#fff",
        "borderRadius": 16,
        "marginBottom": 10,
        "marginLeft": 20,
        "marginRight": 20,
        "marginTop": 10,
        "opacity": 1,
      }
    }
  >
    <View
      style={
        Object {
          "flexDirection": "row",
          "padding": 8,
          "paddingLeft": 16,
        }
      }
    >
      <Text
        style={
          Array [
            Object {
              "fontSize": 43,
            },
            Object {
              "fontWeight": "600",
            },
          ]
        }
      />
    </View>
  </View>
</View>
`;
