// Jest Snapshot v1, https://goo.gl/fbAQLP

exports[`renders correctly 1`] = `
<Image
  source={1}
  style={
    Object {
      "height": 150,
      "marginBottom": 10,
      "width": 170,
    }
  }
/>
`;
