// Jest Snapshot v1, https://goo.gl/fbAQLP

exports[`renders correctly 1`] = `
<Text
  fontSize={52}
>
  Hi
</Text>
`;
