// Jest Snapshot v1, https://goo.gl/fbAQLP

exports[`Access Post Screen component matches the snapshot 1`] = `
<View
  style={
    Object {
      "alignItems": "center",
      "flex": 1,
      "justifyContent": "center",
    }
  }
>
  <ActivityIndicator
    animating={true}
    color="#0f4d92"
    hidesWhenStopped={true}
    size="large"
  />
</View>
`;
