// Jest Snapshot v1, https://goo.gl/fbAQLP

exports[`App component matches the snapshot 1`] = `
Array [
  null,
]
`;
